// Vitest Snapshot v1, https://vitest.dev/guide/snapshot.html

exports[`generateCSP > generates the CSP headers 1`] = `
{
  "withFathom": {
    "development": "default-src 'self'; frame-src 'self'; script-src 'self' 'unsafe-eval' cdn.usefathom.com; style-src 'self' 'unsafe-inline'; connect-src 'self' 127.0.0.1 127.0.0.1:* ws://localhost:5173/; img-src 'self' cdn.usefathom.com; object-src 'none';",
    "production": "default-src 'self'; frame-src 'self'; script-src 'self' 'wasm-unsafe-eval' cdn.usefathom.com; style-src 'self' 'unsafe-inline'; connect-src 'self' 127.0.0.1 127.0.0.1:* ws://localhost:5173/; img-src 'self' cdn.usefathom.com; object-src 'none'; report-uri https://o4506303762464768.ingest.sentry.io/api/4506303812272128/security/?sentry_key=57614e75ac5f8c480aed3a2dd1528f13;",
  },
  "withoutFathom": {
    "development": "default-src 'self'; frame-src 'self'; script-src 'self' 'unsafe-eval'; style-src 'self' 'unsafe-inline'; connect-src 'self' 127.0.0.1 127.0.0.1:* ws://localhost:5173/; img-src 'self'; object-src 'none';",
    "production": "default-src 'self'; frame-src 'self'; script-src 'self' 'wasm-unsafe-eval'; style-src 'self' 'unsafe-inline'; connect-src 'self' 127.0.0.1 127.0.0.1:* ws://localhost:5173/; img-src 'self'; object-src 'none'; report-uri https://o4506303762464768.ingest.sentry.io/api/4506303812272128/security/?sentry_key=57614e75ac5f8c480aed3a2dd1528f13;",
  },
}
`;
